{
  "version": "1.5.0",
  "plugins_used": [
    {
      "name": "ArtifactoryDetector"
    },
    {
      "name": "AWSKeyDetector"
    },
    {
      "name": "AzureStorageKeyDetector"
    },
    {
      "name": "Base64HighEntropyString",
      "limit": 4.5
    },
    {
      "name": "BasicAuthDetector"
    },
    {
      "name": "CloudantDetector"
    },
    {
      "name": "DiscordBotTokenDetector"
    },
    {
      "name": "GitHubTokenDetector"
    },
    {
      "name": "GitLabTokenDetector"
    },
    {
      "name": "HexHighEntropyString",
      "limit": 3.0
    },
    {
      "name": "IbmCloudIamDetector"
    },
    {
      "name": "IbmCosHmacDetector"
    },
    {
      "name": "IPPublicDetector"
    },
    {
      "name": "JwtTokenDetector"
    },
    {
      "name": "KeywordDetector",
      "keyword_exclude": ""
    },
    {
      "name": "MailchimpDetector"
    },
    {
      "name": "NpmDetector"
    },
    {
      "name": "OpenAIDetector"
    },
    {
      "name": "PrivateKeyDetector"
    },
    {
      "name": "PypiTokenDetector"
    },
    {
      "name": "SendGridDetector"
    },
    {
      "name": "SlackDetector"
    },
    {
      "name": "SoftlayerDetector"
    },
    {
      "name": "SquareOAuthDetector"
    },
    {
      "name": "StripeDetector"
    },
    {
      "name": "TelegramBotTokenDetector"
    },
    {
      "name": "TwilioKeyDetector"
    }
  ],
  "filters_used": [
    {
      "path": "detect_secrets.filters.allowlist.is_line_allowlisted"
    },
    {
      "path": "detect_secrets.filters.common.is_baseline_file",
      "filename": ".secrets.baseline"
    },
    {
      "path": "detect_secrets.filters.common.is_ignored_due_to_verification_policies",
      "min_level": 2
    },
    {
      "path": "detect_secrets.filters.heuristic.is_indirect_reference"
    },
    {
      "path": "detect_secrets.filters.heuristic.is_likely_id_string"
    },
    {
      "path": "detect_secrets.filters.heuristic.is_lock_file"
    },
    {
      "path": "detect_secrets.filters.heuristic.is_not_alphanumeric_string"
    },
    {
      "path": "detect_secrets.filters.heuristic.is_potential_uuid"
    },
    {
      "path": "detect_secrets.filters.heuristic.is_prefixed_with_dollar_sign"
    },
    {
      "path": "detect_secrets.filters.heuristic.is_sequential_string"
    },
    {
      "path": "detect_secrets.filters.heuristic.is_swagger_file"
    },
    {
      "path": "detect_secrets.filters.heuristic.is_templated_secret"
    },
    {
      "path": "detect_secrets.filters.regex.should_exclude_file",
      "pattern": [
        "package-lock.json",
        "yarn.lock",
        "node_modules",
        ".*.lock$",
        ".*.baseline$",
        ".*.example$",
        ".env.*",
        "docs/.*",
        "memory-pins/.*",
        "agentiverz_mn/.*",
        ".*.md$",
        ".*test.*\\.py$",
        ".*conftest\\.py$",
        "sdk/.*",
        "tools/.*",
        "helm/.*",
        "k8s/.*",
        ".github/.*",
        "monitoring/.*",
        "scripts/smoke/.*",
        "scripts/stress/.*",
        "scripts/ops/canary/.*",
        "website/.*",
        "ops/.*"
      ]
    }
  ],
  "results": {
    "backend/alembic.ini": [
      {
        "type": "Basic Auth Credentials",
        "filename": "backend/alembic.ini",
        "hashed_secret": "e8b3695b539c06a902f3aae3697ab89ede44e61b",
        "is_verified": true,
        "line_number": 9,
        "is_secret": false
      }
    ],
    "backend/app/auth/contexts.py": [
      {
        "type": "Secret Keyword",
        "filename": "backend/app/auth/contexts.py",
        "hashed_secret": "665b1e3851eefefa3fb878654292f16597d25155",
        "is_verified": false,
        "line_number": 49
      }
    ],
    "backend/app/auth/gateway_config.py": [
      {
        "type": "Secret Keyword",
        "filename": "backend/app/auth/gateway_config.py",
        "hashed_secret": "3ea3f9802accf8817bacd6f3df46a73b93ccddec",
        "is_verified": false,
        "line_number": 93
      }
    ],
    "backend/app/auth/gateway_types.py": [
      {
        "type": "Secret Keyword",
        "filename": "backend/app/auth/gateway_types.py",
        "hashed_secret": "76db4b7cafe0255819ca80982a0f6f1987685a15",
        "is_verified": false,
        "line_number": 59
      },
      {
        "type": "Secret Keyword",
        "filename": "backend/app/auth/gateway_types.py",
        "hashed_secret": "78090c17f06540da74c393f23fe9555cfda53874",
        "is_verified": false,
        "line_number": 60
      },
      {
        "type": "Secret Keyword",
        "filename": "backend/app/auth/gateway_types.py",
        "hashed_secret": "5227a37d3bf602e316b4ee2903749ace643ec023",
        "is_verified": false,
        "line_number": 61
      },
      {
        "type": "Secret Keyword",
        "filename": "backend/app/auth/gateway_types.py",
        "hashed_secret": "2be693cfc920e2831a67970175f7e137721f4e7d",
        "is_verified": false,
        "line_number": 62
      }
    ],
    "backend/app/auth/tenant_auth.py": [
      {
        "type": "Secret Keyword",
        "filename": "backend/app/auth/tenant_auth.py",
        "hashed_secret": "20bb8752b7d676c0f8f6545f5139a680aca35bfd",
        "is_verified": true,
        "line_number": 324,
        "is_secret": false
      }
    ],
    "backend/app/routing/models.py": [
      {
        "type": "Secret Keyword",
        "filename": "backend/app/routing/models.py",
        "hashed_secret": "665b1e3851eefefa3fb878654292f16597d25155",
        "is_verified": true,
        "line_number": 77,
        "is_secret": false
      }
    ],
    "backend/app/services/event_emitter.py": [
      {
        "type": "Secret Keyword",
        "filename": "backend/app/services/event_emitter.py",
        "hashed_secret": "665b1e3851eefefa3fb878654292f16597d25155",
        "is_verified": true,
        "line_number": 108,
        "is_secret": false
      }
    ],
    "backend/app/skills/adapters/claude_adapter.py": [
      {
        "type": "Secret Keyword",
        "filename": "backend/app/skills/adapters/claude_adapter.py",
        "hashed_secret": "58801e3391955d7ee7d51ba293351c3176f5b682",
        "is_verified": true,
        "line_number": 284,
        "is_secret": false
      }
    ],
    "backend/app/skills/adapters/openai_adapter.py": [
      {
        "type": "Secret Keyword",
        "filename": "backend/app/skills/adapters/openai_adapter.py",
        "hashed_secret": "58801e3391955d7ee7d51ba293351c3176f5b682",
        "is_verified": true,
        "line_number": 360,
        "is_secret": false
      }
    ],
    "backend/app/skills/contracts/json_transform.contract.yaml": [
      {
        "type": "Secret Keyword",
        "filename": "backend/app/skills/contracts/json_transform.contract.yaml",
        "hashed_secret": "99d72c7fc3e2e145870beab37c0b70e343ea9c3b",
        "is_verified": true,
        "line_number": 227,
        "is_secret": false
      }
    ],
    "backend/app/traces/pg_store.py": [
      {
        "type": "Basic Auth Credentials",
        "filename": "backend/app/traces/pg_store.py",
        "hashed_secret": "e8b3695b539c06a902f3aae3697ab89ede44e61b",
        "is_verified": true,
        "line_number": 69,
        "is_secret": false
      }
    ],
    "backend/docker-compose.test.yml": [
      {
        "type": "Secret Keyword",
        "filename": "backend/docker-compose.test.yml",
        "hashed_secret": "1a6b18e2cce9eefaa188109c6c9e9eb4955319de",
        "is_verified": true,
        "line_number": 12
      },
      {
        "type": "Basic Auth Credentials",
        "filename": "backend/docker-compose.test.yml",
        "hashed_secret": "1a6b18e2cce9eefaa188109c6c9e9eb4955319de",
        "is_verified": true,
        "line_number": 37
      },
      {
        "type": "Secret Keyword",
        "filename": "backend/docker-compose.test.yml",
        "hashed_secret": "6c704b12655ca0864a5db70fb99d5f9d3684ce94",
        "is_verified": true,
        "line_number": 39
      }
    ],
    "backend/scripts/seed_admin.py": [
      {
        "type": "Secret Keyword",
        "filename": "backend/scripts/seed_admin.py",
        "hashed_secret": "3e1a13457ce2a09cb5cd92b29ee69ab001f94181",
        "is_verified": false,
        "line_number": 76
      }
    ],
    "design/l2_1/ui_contract/ui_intent_ir_compiled.json": [
      {
        "type": "Hex High Entropy String",
        "filename": "design/l2_1/ui_contract/ui_intent_ir_compiled.json",
        "hashed_secret": "417e6856ecf57237dbbd89698afe74549ebf4aeb",
        "is_verified": false,
        "line_number": 45
      },
      {
        "type": "Hex High Entropy String",
        "filename": "design/l2_1/ui_contract/ui_intent_ir_compiled.json",
        "hashed_secret": "2d9ee840ba5133cb87309865d9a493cf8a433724",
        "is_verified": false,
        "line_number": 70
      },
      {
        "type": "Hex High Entropy String",
        "filename": "design/l2_1/ui_contract/ui_intent_ir_compiled.json",
        "hashed_secret": "3359ae7ce6e8a1fdbcbd3a1f126bdfa2887be994",
        "is_verified": false,
        "line_number": 100
      },
      {
        "type": "Hex High Entropy String",
        "filename": "design/l2_1/ui_contract/ui_intent_ir_compiled.json",
        "hashed_secret": "2803b833ccd85f6edb6efc90b05f6b6050719c22",
        "is_verified": false,
        "line_number": 150
      },
      {
        "type": "Hex High Entropy String",
        "filename": "design/l2_1/ui_contract/ui_intent_ir_compiled.json",
        "hashed_secret": "b51c3fcdda0d25ead9bf400b0afc386106d62cdb",
        "is_verified": false,
        "line_number": 210
      },
      {
        "type": "Hex High Entropy String",
        "filename": "design/l2_1/ui_contract/ui_intent_ir_compiled.json",
        "hashed_secret": "1cf41dea72c194149f7a439b0349d9a41ea644a7",
        "is_verified": false,
        "line_number": 384
      },
      {
        "type": "Hex High Entropy String",
        "filename": "design/l2_1/ui_contract/ui_intent_ir_compiled.json",
        "hashed_secret": "b4b1616839644759ca1b670a56c5545a85729260",
        "is_verified": false,
        "line_number": 500
      },
      {
        "type": "Hex High Entropy String",
        "filename": "design/l2_1/ui_contract/ui_intent_ir_compiled.json",
        "hashed_secret": "7baa46d1d3dc95a76e3e429ce1cbca3a5e150a1e",
        "is_verified": false,
        "line_number": 612
      },
      {
        "type": "Hex High Entropy String",
        "filename": "design/l2_1/ui_contract/ui_intent_ir_compiled.json",
        "hashed_secret": "7c2ba4359a15fa36fe79ef31cee726eaee26df0c",
        "is_verified": false,
        "line_number": 728
      },
      {
        "type": "Hex High Entropy String",
        "filename": "design/l2_1/ui_contract/ui_intent_ir_compiled.json",
        "hashed_secret": "37d575246e7a0af4bf88ce97b5f49260198b6a53",
        "is_verified": false,
        "line_number": 784
      },
      {
        "type": "Hex High Entropy String",
        "filename": "design/l2_1/ui_contract/ui_intent_ir_compiled.json",
        "hashed_secret": "636e3615b7902368db47398c7079765503951760",
        "is_verified": false,
        "line_number": 1096
      },
      {
        "type": "Hex High Entropy String",
        "filename": "design/l2_1/ui_contract/ui_intent_ir_compiled.json",
        "hashed_secret": "200ff36ce2007642f435fead021bbb125bffe903",
        "is_verified": false,
        "line_number": 2032
      },
      {
        "type": "Hex High Entropy String",
        "filename": "design/l2_1/ui_contract/ui_intent_ir_compiled.json",
        "hashed_secret": "2d700fcf5a8160399e1a5820f5f39ff9f1f1581c",
        "is_verified": false,
        "line_number": 4192
      },
      {
        "type": "Hex High Entropy String",
        "filename": "design/l2_1/ui_contract/ui_intent_ir_compiled.json",
        "hashed_secret": "7f566dc2b0861f380a57b64d000524d8863d72f1",
        "is_verified": false,
        "line_number": 4656
      },
      {
        "type": "Hex High Entropy String",
        "filename": "design/l2_1/ui_contract/ui_intent_ir_compiled.json",
        "hashed_secret": "335e5330f80d040736f76decb7fdda30d467fce7",
        "is_verified": false,
        "line_number": 5328
      },
      {
        "type": "Hex High Entropy String",
        "filename": "design/l2_1/ui_contract/ui_intent_ir_compiled.json",
        "hashed_secret": "57af48e95e898e6788314cefc9374607eb8a1b9e",
        "is_verified": false,
        "line_number": 5712
      },
      {
        "type": "Hex High Entropy String",
        "filename": "design/l2_1/ui_contract/ui_intent_ir_compiled.json",
        "hashed_secret": "6a466b3dc97e836d27a8812ccff58d1144cc3a9a",
        "is_verified": false,
        "line_number": 5772
      },
      {
        "type": "Hex High Entropy String",
        "filename": "design/l2_1/ui_contract/ui_intent_ir_compiled.json",
        "hashed_secret": "c611b1e0cab51da06b7a1f6a1729ad448b2bab72",
        "is_verified": false,
        "line_number": 6106
      },
      {
        "type": "Hex High Entropy String",
        "filename": "design/l2_1/ui_contract/ui_intent_ir_compiled.json",
        "hashed_secret": "12d2406133afeb000fab0339846db526bdcf8558",
        "is_verified": false,
        "line_number": 6386
      },
      {
        "type": "Hex High Entropy String",
        "filename": "design/l2_1/ui_contract/ui_intent_ir_compiled.json",
        "hashed_secret": "da81bbe9414b8c99d09dcf6b1a6796fcc93cb267",
        "is_verified": false,
        "line_number": 6436
      },
      {
        "type": "Hex High Entropy String",
        "filename": "design/l2_1/ui_contract/ui_intent_ir_compiled.json",
        "hashed_secret": "c9243a85ce55fe6d800673a63d98e8dd0c901ee7",
        "is_verified": false,
        "line_number": 6844
      },
      {
        "type": "Hex High Entropy String",
        "filename": "design/l2_1/ui_contract/ui_intent_ir_compiled.json",
        "hashed_secret": "ceddc9d3e8307aadbb5d1fd4e2808d230dfb0146",
        "is_verified": false,
        "line_number": 7105
      },
      {
        "type": "Hex High Entropy String",
        "filename": "design/l2_1/ui_contract/ui_intent_ir_compiled.json",
        "hashed_secret": "c4aa98c4caf172aeee4a6568101ea7b5d0335ad4",
        "is_verified": false,
        "line_number": 7447
      },
      {
        "type": "Hex High Entropy String",
        "filename": "design/l2_1/ui_contract/ui_intent_ir_compiled.json",
        "hashed_secret": "79dd392b6464797e553fcc740761ee0526099396",
        "is_verified": false,
        "line_number": 7522
      },
      {
        "type": "Hex High Entropy String",
        "filename": "design/l2_1/ui_contract/ui_intent_ir_compiled.json",
        "hashed_secret": "969b85432e1b3196bbc2eb95d1f12212f31e3086",
        "is_verified": false,
        "line_number": 7708
      },
      {
        "type": "Hex High Entropy String",
        "filename": "design/l2_1/ui_contract/ui_intent_ir_compiled.json",
        "hashed_secret": "be8325f8b8df9ed9da2e2a65c846c8dc18f1f7a8",
        "is_verified": false,
        "line_number": 8050
      },
      {
        "type": "Hex High Entropy String",
        "filename": "design/l2_1/ui_contract/ui_intent_ir_compiled.json",
        "hashed_secret": "b15c4ab4642a79aeb753f703e04dde41058a8c82",
        "is_verified": false,
        "line_number": 8125
      },
      {
        "type": "Hex High Entropy String",
        "filename": "design/l2_1/ui_contract/ui_intent_ir_compiled.json",
        "hashed_secret": "94e2f6801fd7a2eb474e241a74a554fa74ade515",
        "is_verified": false,
        "line_number": 8311
      },
      {
        "type": "Hex High Entropy String",
        "filename": "design/l2_1/ui_contract/ui_intent_ir_compiled.json",
        "hashed_secret": "16d9d0209381d5e204f30f013d913a230b71947a",
        "is_verified": false,
        "line_number": 8485
      }
    ],
    "design/l2_1/ui_contract/ui_intent_ir_normalized.json": [
      {
        "type": "Hex High Entropy String",
        "filename": "design/l2_1/ui_contract/ui_intent_ir_normalized.json",
        "hashed_secret": "417e6856ecf57237dbbd89698afe74549ebf4aeb",
        "is_verified": false,
        "line_number": 54
      },
      {
        "type": "Hex High Entropy String",
        "filename": "design/l2_1/ui_contract/ui_intent_ir_normalized.json",
        "hashed_secret": "2d9ee840ba5133cb87309865d9a493cf8a433724",
        "is_verified": false,
        "line_number": 87
      },
      {
        "type": "Hex High Entropy String",
        "filename": "design/l2_1/ui_contract/ui_intent_ir_normalized.json",
        "hashed_secret": "3359ae7ce6e8a1fdbcbd3a1f126bdfa2887be994",
        "is_verified": false,
        "line_number": 125
      },
      {
        "type": "Hex High Entropy String",
        "filename": "design/l2_1/ui_contract/ui_intent_ir_normalized.json",
        "hashed_secret": "2803b833ccd85f6edb6efc90b05f6b6050719c22",
        "is_verified": false,
        "line_number": 191
      },
      {
        "type": "Hex High Entropy String",
        "filename": "design/l2_1/ui_contract/ui_intent_ir_normalized.json",
        "hashed_secret": "b51c3fcdda0d25ead9bf400b0afc386106d62cdb",
        "is_verified": false,
        "line_number": 267
      },
      {
        "type": "Hex High Entropy String",
        "filename": "design/l2_1/ui_contract/ui_intent_ir_normalized.json",
        "hashed_secret": "1cf41dea72c194149f7a439b0349d9a41ea644a7",
        "is_verified": false,
        "line_number": 489
      },
      {
        "type": "Hex High Entropy String",
        "filename": "design/l2_1/ui_contract/ui_intent_ir_normalized.json",
        "hashed_secret": "b4b1616839644759ca1b670a56c5545a85729260",
        "is_verified": false,
        "line_number": 641
      },
      {
        "type": "Hex High Entropy String",
        "filename": "design/l2_1/ui_contract/ui_intent_ir_normalized.json",
        "hashed_secret": "7baa46d1d3dc95a76e3e429ce1cbca3a5e150a1e",
        "is_verified": false,
        "line_number": 787
      },
      {
        "type": "Hex High Entropy String",
        "filename": "design/l2_1/ui_contract/ui_intent_ir_normalized.json",
        "hashed_secret": "7c2ba4359a15fa36fe79ef31cee726eaee26df0c",
        "is_verified": false,
        "line_number": 939
      },
      {
        "type": "Hex High Entropy String",
        "filename": "design/l2_1/ui_contract/ui_intent_ir_normalized.json",
        "hashed_secret": "37d575246e7a0af4bf88ce97b5f49260198b6a53",
        "is_verified": false,
        "line_number": 1013
      },
      {
        "type": "Hex High Entropy String",
        "filename": "design/l2_1/ui_contract/ui_intent_ir_normalized.json",
        "hashed_secret": "636e3615b7902368db47398c7079765503951760",
        "is_verified": false,
        "line_number": 1425
      },
      {
        "type": "Hex High Entropy String",
        "filename": "design/l2_1/ui_contract/ui_intent_ir_normalized.json",
        "hashed_secret": "200ff36ce2007642f435fead021bbb125bffe903",
        "is_verified": false,
        "line_number": 2625
      },
      {
        "type": "Hex High Entropy String",
        "filename": "design/l2_1/ui_contract/ui_intent_ir_normalized.json",
        "hashed_secret": "2d700fcf5a8160399e1a5820f5f39ff9f1f1581c",
        "is_verified": false,
        "line_number": 5409
      },
      {
        "type": "Hex High Entropy String",
        "filename": "design/l2_1/ui_contract/ui_intent_ir_normalized.json",
        "hashed_secret": "7f566dc2b0861f380a57b64d000524d8863d72f1",
        "is_verified": false,
        "line_number": 6017
      },
      {
        "type": "Hex High Entropy String",
        "filename": "design/l2_1/ui_contract/ui_intent_ir_normalized.json",
        "hashed_secret": "335e5330f80d040736f76decb7fdda30d467fce7",
        "is_verified": false,
        "line_number": 6905
      },
      {
        "type": "Hex High Entropy String",
        "filename": "design/l2_1/ui_contract/ui_intent_ir_normalized.json",
        "hashed_secret": "57af48e95e898e6788314cefc9374607eb8a1b9e",
        "is_verified": false,
        "line_number": 7409
      },
      {
        "type": "Hex High Entropy String",
        "filename": "design/l2_1/ui_contract/ui_intent_ir_normalized.json",
        "hashed_secret": "6a466b3dc97e836d27a8812ccff58d1144cc3a9a",
        "is_verified": false,
        "line_number": 7485
      },
      {
        "type": "Hex High Entropy String",
        "filename": "design/l2_1/ui_contract/ui_intent_ir_normalized.json",
        "hashed_secret": "c611b1e0cab51da06b7a1f6a1729ad448b2bab72",
        "is_verified": false,
        "line_number": 7923
      },
      {
        "type": "Hex High Entropy String",
        "filename": "design/l2_1/ui_contract/ui_intent_ir_normalized.json",
        "hashed_secret": "12d2406133afeb000fab0339846db526bdcf8558",
        "is_verified": false,
        "line_number": 8293
      },
      {
        "type": "Hex High Entropy String",
        "filename": "design/l2_1/ui_contract/ui_intent_ir_normalized.json",
        "hashed_secret": "da81bbe9414b8c99d09dcf6b1a6796fcc93cb267",
        "is_verified": false,
        "line_number": 8359
      },
      {
        "type": "Hex High Entropy String",
        "filename": "design/l2_1/ui_contract/ui_intent_ir_normalized.json",
        "hashed_secret": "c9243a85ce55fe6d800673a63d98e8dd0c901ee7",
        "is_verified": false,
        "line_number": 8889
      },
      {
        "type": "Hex High Entropy String",
        "filename": "design/l2_1/ui_contract/ui_intent_ir_normalized.json",
        "hashed_secret": "ceddc9d3e8307aadbb5d1fd4e2808d230dfb0146",
        "is_verified": false,
        "line_number": 9222
      },
      {
        "type": "Hex High Entropy String",
        "filename": "design/l2_1/ui_contract/ui_intent_ir_normalized.json",
        "hashed_secret": "c4aa98c4caf172aeee4a6568101ea7b5d0335ad4",
        "is_verified": false,
        "line_number": 9672
      },
      {
        "type": "Hex High Entropy String",
        "filename": "design/l2_1/ui_contract/ui_intent_ir_normalized.json",
        "hashed_secret": "79dd392b6464797e553fcc740761ee0526099396",
        "is_verified": false,
        "line_number": 9771
      },
      {
        "type": "Hex High Entropy String",
        "filename": "design/l2_1/ui_contract/ui_intent_ir_normalized.json",
        "hashed_secret": "969b85432e1b3196bbc2eb95d1f12212f31e3086",
        "is_verified": false,
        "line_number": 10005
      },
      {
        "type": "Hex High Entropy String",
        "filename": "design/l2_1/ui_contract/ui_intent_ir_normalized.json",
        "hashed_secret": "be8325f8b8df9ed9da2e2a65c846c8dc18f1f7a8",
        "is_verified": false,
        "line_number": 10455
      },
      {
        "type": "Hex High Entropy String",
        "filename": "design/l2_1/ui_contract/ui_intent_ir_normalized.json",
        "hashed_secret": "b15c4ab4642a79aeb753f703e04dde41058a8c82",
        "is_verified": false,
        "line_number": 10554
      },
      {
        "type": "Hex High Entropy String",
        "filename": "design/l2_1/ui_contract/ui_intent_ir_normalized.json",
        "hashed_secret": "94e2f6801fd7a2eb474e241a74a554fa74ade515",
        "is_verified": false,
        "line_number": 10788
      },
      {
        "type": "Hex High Entropy String",
        "filename": "design/l2_1/ui_contract/ui_intent_ir_normalized.json",
        "hashed_secret": "16d9d0209381d5e204f30f013d913a230b71947a",
        "is_verified": false,
        "line_number": 11016
      }
    ],
    "design/l2_1/ui_contract/ui_intent_ir_raw.json": [
      {
        "type": "Hex High Entropy String",
        "filename": "design/l2_1/ui_contract/ui_intent_ir_raw.json",
        "hashed_secret": "417e6856ecf57237dbbd89698afe74549ebf4aeb",
        "is_verified": false,
        "line_number": 37
      },
      {
        "type": "Hex High Entropy String",
        "filename": "design/l2_1/ui_contract/ui_intent_ir_raw.json",
        "hashed_secret": "2d9ee840ba5133cb87309865d9a493cf8a433724",
        "is_verified": false,
        "line_number": 59
      },
      {
        "type": "Hex High Entropy String",
        "filename": "design/l2_1/ui_contract/ui_intent_ir_raw.json",
        "hashed_secret": "3359ae7ce6e8a1fdbcbd3a1f126bdfa2887be994",
        "is_verified": false,
        "line_number": 86
      },
      {
        "type": "Hex High Entropy String",
        "filename": "design/l2_1/ui_contract/ui_intent_ir_raw.json",
        "hashed_secret": "2803b833ccd85f6edb6efc90b05f6b6050719c22",
        "is_verified": false,
        "line_number": 130
      },
      {
        "type": "Hex High Entropy String",
        "filename": "design/l2_1/ui_contract/ui_intent_ir_raw.json",
        "hashed_secret": "b51c3fcdda0d25ead9bf400b0afc386106d62cdb",
        "is_verified": false,
        "line_number": 184
      },
      {
        "type": "Hex High Entropy String",
        "filename": "design/l2_1/ui_contract/ui_intent_ir_raw.json",
        "hashed_secret": "1cf41dea72c194149f7a439b0349d9a41ea644a7",
        "is_verified": false,
        "line_number": 340
      },
      {
        "type": "Hex High Entropy String",
        "filename": "design/l2_1/ui_contract/ui_intent_ir_raw.json",
        "hashed_secret": "b4b1616839644759ca1b670a56c5545a85729260",
        "is_verified": false,
        "line_number": 440
      },
      {
        "type": "Hex High Entropy String",
        "filename": "design/l2_1/ui_contract/ui_intent_ir_raw.json",
        "hashed_secret": "7baa46d1d3dc95a76e3e429ce1cbca3a5e150a1e",
        "is_verified": false,
        "line_number": 538
      },
      {
        "type": "Hex High Entropy String",
        "filename": "design/l2_1/ui_contract/ui_intent_ir_raw.json",
        "hashed_secret": "7c2ba4359a15fa36fe79ef31cee726eaee26df0c",
        "is_verified": false,
        "line_number": 638
      },
      {
        "type": "Hex High Entropy String",
        "filename": "design/l2_1/ui_contract/ui_intent_ir_raw.json",
        "hashed_secret": "37d575246e7a0af4bf88ce97b5f49260198b6a53",
        "is_verified": false,
        "line_number": 686
      },
      {
        "type": "Hex High Entropy String",
        "filename": "design/l2_1/ui_contract/ui_intent_ir_raw.json",
        "hashed_secret": "636e3615b7902368db47398c7079765503951760",
        "is_verified": false,
        "line_number": 958
      },
      {
        "type": "Hex High Entropy String",
        "filename": "design/l2_1/ui_contract/ui_intent_ir_raw.json",
        "hashed_secret": "200ff36ce2007642f435fead021bbb125bffe903",
        "is_verified": false,
        "line_number": 1790
      },
      {
        "type": "Hex High Entropy String",
        "filename": "design/l2_1/ui_contract/ui_intent_ir_raw.json",
        "hashed_secret": "2d700fcf5a8160399e1a5820f5f39ff9f1f1581c",
        "is_verified": false,
        "line_number": 3686
      },
      {
        "type": "Hex High Entropy String",
        "filename": "design/l2_1/ui_contract/ui_intent_ir_raw.json",
        "hashed_secret": "7f566dc2b0861f380a57b64d000524d8863d72f1",
        "is_verified": false,
        "line_number": 4086
      },
      {
        "type": "Hex High Entropy String",
        "filename": "design/l2_1/ui_contract/ui_intent_ir_raw.json",
        "hashed_secret": "335e5330f80d040736f76decb7fdda30d467fce7",
        "is_verified": false,
        "line_number": 4662
      },
      {
        "type": "Hex High Entropy String",
        "filename": "design/l2_1/ui_contract/ui_intent_ir_raw.json",
        "hashed_secret": "57af48e95e898e6788314cefc9374607eb8a1b9e",
        "is_verified": false,
        "line_number": 4996
      },
      {
        "type": "Hex High Entropy String",
        "filename": "design/l2_1/ui_contract/ui_intent_ir_raw.json",
        "hashed_secret": "6a466b3dc97e836d27a8812ccff58d1144cc3a9a",
        "is_verified": false,
        "line_number": 5050
      },
      {
        "type": "Hex High Entropy String",
        "filename": "design/l2_1/ui_contract/ui_intent_ir_raw.json",
        "hashed_secret": "c611b1e0cab51da06b7a1f6a1729ad448b2bab72",
        "is_verified": false,
        "line_number": 5340
      },
      {
        "type": "Hex High Entropy String",
        "filename": "design/l2_1/ui_contract/ui_intent_ir_raw.json",
        "hashed_secret": "12d2406133afeb000fab0339846db526bdcf8558",
        "is_verified": false,
        "line_number": 5580
      },
      {
        "type": "Hex High Entropy String",
        "filename": "design/l2_1/ui_contract/ui_intent_ir_raw.json",
        "hashed_secret": "da81bbe9414b8c99d09dcf6b1a6796fcc93cb267",
        "is_verified": false,
        "line_number": 5624
      },
      {
        "type": "Hex High Entropy String",
        "filename": "design/l2_1/ui_contract/ui_intent_ir_raw.json",
        "hashed_secret": "c9243a85ce55fe6d800673a63d98e8dd0c901ee7",
        "is_verified": false,
        "line_number": 5980
      },
      {
        "type": "Hex High Entropy String",
        "filename": "design/l2_1/ui_contract/ui_intent_ir_raw.json",
        "hashed_secret": "ceddc9d3e8307aadbb5d1fd4e2808d230dfb0146",
        "is_verified": false,
        "line_number": 6214
      },
      {
        "type": "Hex High Entropy String",
        "filename": "design/l2_1/ui_contract/ui_intent_ir_raw.json",
        "hashed_secret": "c4aa98c4caf172aeee4a6568101ea7b5d0335ad4",
        "is_verified": false,
        "line_number": 6508
      },
      {
        "type": "Hex High Entropy String",
        "filename": "design/l2_1/ui_contract/ui_intent_ir_raw.json",
        "hashed_secret": "79dd392b6464797e553fcc740761ee0526099396",
        "is_verified": false,
        "line_number": 6574
      },
      {
        "type": "Hex High Entropy String",
        "filename": "design/l2_1/ui_contract/ui_intent_ir_raw.json",
        "hashed_secret": "969b85432e1b3196bbc2eb95d1f12212f31e3086",
        "is_verified": false,
        "line_number": 6742
      },
      {
        "type": "Hex High Entropy String",
        "filename": "design/l2_1/ui_contract/ui_intent_ir_raw.json",
        "hashed_secret": "be8325f8b8df9ed9da2e2a65c846c8dc18f1f7a8",
        "is_verified": false,
        "line_number": 7036
      },
      {
        "type": "Hex High Entropy String",
        "filename": "design/l2_1/ui_contract/ui_intent_ir_raw.json",
        "hashed_secret": "b15c4ab4642a79aeb753f703e04dde41058a8c82",
        "is_verified": false,
        "line_number": 7102
      },
      {
        "type": "Hex High Entropy String",
        "filename": "design/l2_1/ui_contract/ui_intent_ir_raw.json",
        "hashed_secret": "94e2f6801fd7a2eb474e241a74a554fa74ade515",
        "is_verified": false,
        "line_number": 7270
      },
      {
        "type": "Hex High Entropy String",
        "filename": "design/l2_1/ui_contract/ui_intent_ir_raw.json",
        "hashed_secret": "16d9d0209381d5e204f30f013d913a230b71947a",
        "is_verified": false,
        "line_number": 7420
      }
    ],
    "docker-compose.staging.yml": [
      {
        "type": "Secret Keyword",
        "filename": "docker-compose.staging.yml",
        "hashed_secret": "8fd5ad24df1e1b800d670e563b1b83591980060a",
        "is_verified": true,
        "line_number": 24,
        "is_secret": false
      },
      {
        "type": "Basic Auth Credentials",
        "filename": "docker-compose.staging.yml",
        "hashed_secret": "8fd5ad24df1e1b800d670e563b1b83591980060a",
        "is_verified": true,
        "line_number": 44,
        "is_secret": false
      }
    ],
    "docker-compose.yml": [
      {
        "type": "Secret Keyword",
        "filename": "docker-compose.yml",
        "hashed_secret": "e8b3695b539c06a902f3aae3697ab89ede44e61b",
        "is_verified": true,
        "line_number": 7,
        "is_secret": false
      }
    ],
    "scripts/ci/structural_gates.sh": [
      {
        "type": "Basic Auth Credentials",
        "filename": "scripts/ci/structural_gates.sh",
        "hashed_secret": "829c3804401b0727f70f73d4415e162400cbe57b",
        "is_verified": false,
        "line_number": 126
      }
    ],
    "scripts/run_worker_local.sh": [
      {
        "type": "Basic Auth Credentials",
        "filename": "scripts/run_worker_local.sh",
        "hashed_secret": "e8b3695b539c06a902f3aae3697ab89ede44e61b",
        "is_verified": true,
        "line_number": 5,
        "is_secret": false
      }
    ],
    "scripts/verification/truth_preflight.sh": [
      {
        "type": "Basic Auth Credentials",
        "filename": "scripts/verification/truth_preflight.sh",
        "hashed_secret": "dabc7962ab09e30cb12f14ded061f04f2500f281",
        "is_verified": false,
        "line_number": 33
      }
    ]
  },
  "generated_at": "2026-01-12T11:40:36Z"
}
