{
  "version": "1.5.0",
  "plugins_used": [
    {
      "name": "ArtifactoryDetector"
    },
    {
      "name": "AWSKeyDetector"
    },
    {
      "name": "AzureStorageKeyDetector"
    },
    {
      "name": "Base64HighEntropyString",
      "limit": 4.5
    },
    {
      "name": "BasicAuthDetector"
    },
    {
      "name": "CloudantDetector"
    },
    {
      "name": "DiscordBotTokenDetector"
    },
    {
      "name": "GitHubTokenDetector"
    },
    {
      "name": "GitLabTokenDetector"
    },
    {
      "name": "HexHighEntropyString",
      "limit": 3.0
    },
    {
      "name": "IbmCloudIamDetector"
    },
    {
      "name": "IbmCosHmacDetector"
    },
    {
      "name": "IPPublicDetector"
    },
    {
      "name": "JwtTokenDetector"
    },
    {
      "name": "KeywordDetector",
      "keyword_exclude": ""
    },
    {
      "name": "MailchimpDetector"
    },
    {
      "name": "NpmDetector"
    },
    {
      "name": "OpenAIDetector"
    },
    {
      "name": "PrivateKeyDetector"
    },
    {
      "name": "PypiTokenDetector"
    },
    {
      "name": "SendGridDetector"
    },
    {
      "name": "SlackDetector"
    },
    {
      "name": "SoftlayerDetector"
    },
    {
      "name": "SquareOAuthDetector"
    },
    {
      "name": "StripeDetector"
    },
    {
      "name": "TelegramBotTokenDetector"
    },
    {
      "name": "TwilioKeyDetector"
    }
  ],
  "filters_used": [
    {
      "path": "detect_secrets.filters.allowlist.is_line_allowlisted"
    },
    {
      "path": "detect_secrets.filters.common.is_ignored_due_to_verification_policies",
      "min_level": 2
    },
    {
      "path": "detect_secrets.filters.heuristic.is_indirect_reference"
    },
    {
      "path": "detect_secrets.filters.heuristic.is_likely_id_string"
    },
    {
      "path": "detect_secrets.filters.heuristic.is_lock_file"
    },
    {
      "path": "detect_secrets.filters.heuristic.is_not_alphanumeric_string"
    },
    {
      "path": "detect_secrets.filters.heuristic.is_potential_uuid"
    },
    {
      "path": "detect_secrets.filters.heuristic.is_prefixed_with_dollar_sign"
    },
    {
      "path": "detect_secrets.filters.heuristic.is_sequential_string"
    },
    {
      "path": "detect_secrets.filters.heuristic.is_swagger_file"
    },
    {
      "path": "detect_secrets.filters.heuristic.is_templated_secret"
    },
    {
      "path": "detect_secrets.filters.regex.should_exclude_file",
      "pattern": [
        "package-lock.json",
        "node_modules"
      ]
    }
  ],
  "results": {
    ".env.bak.20251205062039": [
      {
        "type": "Hex High Entropy String",
        "filename": ".env.bak.20251205062039",
        "hashed_secret": "86aa15dd748a96148ad67fbb29cf86716c635dd8",
        "is_verified": false,
        "line_number": 1
      },
      {
        "type": "Secret Keyword",
        "filename": ".env.bak.20251205062039",
        "hashed_secret": "86aa15dd748a96148ad67fbb29cf86716c635dd8",
        "is_verified": false,
        "line_number": 1
      },
      {
        "type": "Base64 High Entropy String",
        "filename": ".env.bak.20251205062039",
        "hashed_secret": "d0b4497c085aae756ce567ec6d30fc5c515e4277",
        "is_verified": false,
        "line_number": 2
      },
      {
        "type": "Secret Keyword",
        "filename": ".env.bak.20251205062039",
        "hashed_secret": "d0b4497c085aae756ce567ec6d30fc5c515e4277",
        "is_verified": false,
        "line_number": 2
      },
      {
        "type": "Hex High Entropy String",
        "filename": ".env.bak.20251205062039",
        "hashed_secret": "6af548624fa749834106a6f74fec19114e185f53",
        "is_verified": false,
        "line_number": 14
      },
      {
        "type": "Secret Keyword",
        "filename": ".env.bak.20251205062039",
        "hashed_secret": "6af548624fa749834106a6f74fec19114e185f53",
        "is_verified": false,
        "line_number": 14
      }
    ],
    ".env.example": [
      {
        "type": "Basic Auth Credentials",
        "filename": ".env.example",
        "hashed_secret": "397bcedb7c09ecd31b65943cb008794fdfef3c95",
        "is_verified": false,
        "line_number": 24
      },
      {
        "type": "Basic Auth Credentials",
        "filename": ".env.example",
        "hashed_secret": "1a91d62f7ca67399625a4368a6ab5d4a3baa6073",
        "is_verified": false,
        "line_number": 159
      }
    ],
    ".github/workflows/ci.yml": [
      {
        "type": "Secret Keyword",
        "filename": ".github/workflows/ci.yml",
        "hashed_secret": "e8b3695b539c06a902f3aae3697ab89ede44e61b",
        "is_verified": false,
        "line_number": 426
      },
      {
        "type": "Basic Auth Credentials",
        "filename": ".github/workflows/ci.yml",
        "hashed_secret": "e8b3695b539c06a902f3aae3697ab89ede44e61b",
        "is_verified": false,
        "line_number": 458
      },
      {
        "type": "Secret Keyword",
        "filename": ".github/workflows/ci.yml",
        "hashed_secret": "10c697c23baf51eada6d8632832018f75a495809",
        "is_verified": false,
        "line_number": 490
      }
    ],
    ".github/workflows/e2e-parity-check.yml": [
      {
        "type": "Secret Keyword",
        "filename": ".github/workflows/e2e-parity-check.yml",
        "hashed_secret": "f86962bc539cecb5aaa3a2b00c3a69ca3f0ce021",
        "is_verified": false,
        "line_number": 100
      },
      {
        "type": "Secret Keyword",
        "filename": ".github/workflows/e2e-parity-check.yml",
        "hashed_secret": "97e4c6b5054eb4ed8ab9263240ba35abe2a292d4",
        "is_verified": false,
        "line_number": 204
      }
    ],
    ".github/workflows/m7-nightly-smoke.yml": [
      {
        "type": "Secret Keyword",
        "filename": ".github/workflows/m7-nightly-smoke.yml",
        "hashed_secret": "e8b3695b539c06a902f3aae3697ab89ede44e61b",
        "is_verified": false,
        "line_number": 99
      },
      {
        "type": "Basic Auth Credentials",
        "filename": ".github/workflows/m7-nightly-smoke.yml",
        "hashed_secret": "e8b3695b539c06a902f3aae3697ab89ede44e61b",
        "is_verified": false,
        "line_number": 136
      },
      {
        "type": "Secret Keyword",
        "filename": ".github/workflows/m7-nightly-smoke.yml",
        "hashed_secret": "bd3123bd86728035cb3e8d4bd30fd4187088c497",
        "is_verified": false,
        "line_number": 145
      }
    ],
    ".github/workflows/m9-production-promotion.yml": [
      {
        "type": "Secret Keyword",
        "filename": ".github/workflows/m9-production-promotion.yml",
        "hashed_secret": "28ece1911b5ccc0ac65a0f1f01bdd9925e8bcaaa",
        "is_verified": false,
        "line_number": 278
      }
    ],
    ".github/workflows/nightly.yml": [
      {
        "type": "Basic Auth Credentials",
        "filename": ".github/workflows/nightly.yml",
        "hashed_secret": "e8b3695b539c06a902f3aae3697ab89ede44e61b",
        "is_verified": false,
        "line_number": 16
      }
    ],
    "CLAUDE.md": [
      {
        "type": "Basic Auth Credentials",
        "filename": "CLAUDE.md",
        "hashed_secret": "e8b3695b539c06a902f3aae3697ab89ede44e61b",
        "is_verified": false,
        "line_number": 192
      }
    ],
    "PROJECT_NOTES.md": [
      {
        "type": "Basic Auth Credentials",
        "filename": "PROJECT_NOTES.md",
        "hashed_secret": "e8b3695b539c06a902f3aae3697ab89ede44e61b",
        "is_verified": false,
        "line_number": 251
      }
    ],
    "agentiverz_mn/repo_snapshot.md": [
      {
        "type": "Secret Keyword",
        "filename": "agentiverz_mn/repo_snapshot.md",
        "hashed_secret": "e3b30a28274a08208237d22c263a088c38c7584a",
        "is_verified": false,
        "line_number": 75
      }
    ],
    "backend/alembic.ini": [
      {
        "type": "Basic Auth Credentials",
        "filename": "backend/alembic.ini",
        "hashed_secret": "e8b3695b539c06a902f3aae3697ab89ede44e61b",
        "is_verified": false,
        "line_number": 9
      }
    ],
    "backend/app/planners/test_planners.py": [
      {
        "type": "Secret Keyword",
        "filename": "backend/app/planners/test_planners.py",
        "hashed_secret": "ed65c049bb2f78ee4f703b2158ba9cc6ea31fb7e",
        "is_verified": false,
        "line_number": 99
      },
      {
        "type": "Secret Keyword",
        "filename": "backend/app/planners/test_planners.py",
        "hashed_secret": "3acfb2c2b433c0ea7ff107e33df91b18e52f960f",
        "is_verified": false,
        "line_number": 175
      }
    ],
    "backend/app/routing/models.py": [
      {
        "type": "Secret Keyword",
        "filename": "backend/app/routing/models.py",
        "hashed_secret": "665b1e3851eefefa3fb878654292f16597d25155",
        "is_verified": false,
        "line_number": 58
      }
    ],
    "backend/app/skills/adapters/claude_adapter.py": [
      {
        "type": "Secret Keyword",
        "filename": "backend/app/skills/adapters/claude_adapter.py",
        "hashed_secret": "58801e3391955d7ee7d51ba293351c3176f5b682",
        "is_verified": false,
        "line_number": 285
      }
    ],
    "backend/app/skills/adapters/openai_adapter.py": [
      {
        "type": "Secret Keyword",
        "filename": "backend/app/skills/adapters/openai_adapter.py",
        "hashed_secret": "58801e3391955d7ee7d51ba293351c3176f5b682",
        "is_verified": false,
        "line_number": 436
      }
    ],
    "backend/app/skills/contracts/json_transform.contract.yaml": [
      {
        "type": "Secret Keyword",
        "filename": "backend/app/skills/contracts/json_transform.contract.yaml",
        "hashed_secret": "99d72c7fc3e2e145870beab37c0b70e343ea9c3b",
        "is_verified": false,
        "line_number": 227
      }
    ],
    "backend/app/traces/pg_store.py": [
      {
        "type": "Basic Auth Credentials",
        "filename": "backend/app/traces/pg_store.py",
        "hashed_secret": "e8b3695b539c06a902f3aae3697ab89ede44e61b",
        "is_verified": false,
        "line_number": 33
      }
    ],
    "backend/docker-compose.test.yml": [
      {
        "type": "Secret Keyword",
        "filename": "backend/docker-compose.test.yml",
        "hashed_secret": "1a6b18e2cce9eefaa188109c6c9e9eb4955319de",
        "is_verified": false,
        "line_number": 12
      },
      {
        "type": "Basic Auth Credentials",
        "filename": "backend/docker-compose.test.yml",
        "hashed_secret": "1a6b18e2cce9eefaa188109c6c9e9eb4955319de",
        "is_verified": false,
        "line_number": 37
      },
      {
        "type": "Secret Keyword",
        "filename": "backend/docker-compose.test.yml",
        "hashed_secret": "6c704b12655ca0864a5db70fb99d5f9d3684ce94",
        "is_verified": false,
        "line_number": 39
      }
    ],
    "backend/tests/README.md": [
      {
        "type": "Basic Auth Credentials",
        "filename": "backend/tests/README.md",
        "hashed_secret": "e8b3695b539c06a902f3aae3697ab89ede44e61b",
        "is_verified": false,
        "line_number": 63
      }
    ],
    "backend/tests/api/test_policy_api.py": [
      {
        "type": "Secret Keyword",
        "filename": "backend/tests/api/test_policy_api.py",
        "hashed_secret": "5c5a15a8b0b3e154d77746945e563ba40100681b",
        "is_verified": false,
        "line_number": 250
      },
      {
        "type": "Secret Keyword",
        "filename": "backend/tests/api/test_policy_api.py",
        "hashed_secret": "1c7b518f7e40f7aca065995f0f1ecb69661b1d39",
        "is_verified": false,
        "line_number": 262
      },
      {
        "type": "Secret Keyword",
        "filename": "backend/tests/api/test_policy_api.py",
        "hashed_secret": "fe1bae27cb7c1fb823f496f286e78f1d2ae87734",
        "is_verified": false,
        "line_number": 284
      }
    ],
    "backend/tests/auth/test_rbac_middleware.py": [
      {
        "type": "Secret Keyword",
        "filename": "backend/tests/auth/test_rbac_middleware.py",
        "hashed_secret": "0b2f668e46726854bc6ac24062d9325266cfc80f",
        "is_verified": false,
        "line_number": 78
      },
      {
        "type": "Secret Keyword",
        "filename": "backend/tests/auth/test_rbac_middleware.py",
        "hashed_secret": "28e2bca89d8c60c5115a5b9e6663519ec2c9903c",
        "is_verified": false,
        "line_number": 181
      }
    ],
    "backend/tests/conftest.py": [
      {
        "type": "Basic Auth Credentials",
        "filename": "backend/tests/conftest.py",
        "hashed_secret": "e8b3695b539c06a902f3aae3697ab89ede44e61b",
        "is_verified": false,
        "line_number": 27
      },
      {
        "type": "Hex High Entropy String",
        "filename": "backend/tests/conftest.py",
        "hashed_secret": "6af548624fa749834106a6f74fec19114e185f53",
        "is_verified": false,
        "line_number": 31
      }
    ],
    "backend/tests/e2e/test_m11_workflow.py": [
      {
        "type": "Secret Keyword",
        "filename": "backend/tests/e2e/test_m11_workflow.py",
        "hashed_secret": "00942f4668670f34c5943cf52c7ef3139fe2b8d6",
        "is_verified": false,
        "line_number": 317
      },
      {
        "type": "Secret Keyword",
        "filename": "backend/tests/e2e/test_m11_workflow.py",
        "hashed_secret": "c16a661bef1dc2a05e73ed554b82089b2f48b459",
        "is_verified": false,
        "line_number": 322
      }
    ],
    "backend/tests/skills/test_email_send.py": [
      {
        "type": "Secret Keyword",
        "filename": "backend/tests/skills/test_email_send.py",
        "hashed_secret": "00942f4668670f34c5943cf52c7ef3139fe2b8d6",
        "is_verified": false,
        "line_number": 71
      },
      {
        "type": "Secret Keyword",
        "filename": "backend/tests/skills/test_email_send.py",
        "hashed_secret": "c6290f89e103972fa5cfb0d6a9b6e0c341d250a3",
        "is_verified": false,
        "line_number": 107
      },
      {
        "type": "Secret Keyword",
        "filename": "backend/tests/skills/test_email_send.py",
        "hashed_secret": "89fb1322f20c6bbb6234805818ddbdbcc37bc09c",
        "is_verified": false,
        "line_number": 119
      },
      {
        "type": "Secret Keyword",
        "filename": "backend/tests/skills/test_email_send.py",
        "hashed_secret": "767ef7376d44bb6e52b390ddcd12c1cb1b3902a4",
        "is_verified": false,
        "line_number": 141
      }
    ],
    "backend/tests/skills/test_m11_skills.py": [
      {
        "type": "Secret Keyword",
        "filename": "backend/tests/skills/test_m11_skills.py",
        "hashed_secret": "72cb70dbbafe97e5ea13ad88acd65d08389439b0",
        "is_verified": false,
        "line_number": 228
      },
      {
        "type": "Secret Keyword",
        "filename": "backend/tests/skills/test_m11_skills.py",
        "hashed_secret": "7585d1f7ceb90fd0b1ab42d0a6ca39fcf55065c7",
        "is_verified": false,
        "line_number": 257
      },
      {
        "type": "Secret Keyword",
        "filename": "backend/tests/skills/test_m11_skills.py",
        "hashed_secret": "00942f4668670f34c5943cf52c7ef3139fe2b8d6",
        "is_verified": false,
        "line_number": 417
      }
    ],
    "backend/tests/test_integration.py": [
      {
        "type": "Basic Auth Credentials",
        "filename": "backend/tests/test_integration.py",
        "hashed_secret": "e8b3695b539c06a902f3aae3697ab89ede44e61b",
        "is_verified": false,
        "line_number": 30
      },
      {
        "type": "Hex High Entropy String",
        "filename": "backend/tests/test_integration.py",
        "hashed_secret": "86aa15dd748a96148ad67fbb29cf86716c635dd8",
        "is_verified": false,
        "line_number": 32
      }
    ],
    "backend/tests/test_m12_agents.py": [
      {
        "type": "Basic Auth Credentials",
        "filename": "backend/tests/test_m12_agents.py",
        "hashed_secret": "dabc7962ab09e30cb12f14ded061f04f2500f281",
        "is_verified": false,
        "line_number": 15
      }
    ],
    "backend/tests/test_m12_load.py": [
      {
        "type": "Basic Auth Credentials",
        "filename": "backend/tests/test_m12_load.py",
        "hashed_secret": "dabc7962ab09e30cb12f14ded061f04f2500f281",
        "is_verified": false,
        "line_number": 21
      }
    ],
    "backend/tests/test_m13_prompt_cache.py": [
      {
        "type": "Secret Keyword",
        "filename": "backend/tests/test_m13_prompt_cache.py",
        "hashed_secret": "3acfb2c2b433c0ea7ff107e33df91b18e52f960f",
        "is_verified": false,
        "line_number": 423
      }
    ],
    "backend/tests/test_phase4_e2e.py": [
      {
        "type": "Basic Auth Credentials",
        "filename": "backend/tests/test_phase4_e2e.py",
        "hashed_secret": "e8b3695b539c06a902f3aae3697ab89ede44e61b",
        "is_verified": false,
        "line_number": 25
      },
      {
        "type": "Hex High Entropy String",
        "filename": "backend/tests/test_phase4_e2e.py",
        "hashed_secret": "86aa15dd748a96148ad67fbb29cf86716c635dd8",
        "is_verified": false,
        "line_number": 290
      }
    ],
    "backend/tests/test_phase5_security.py": [
      {
        "type": "Basic Auth Credentials",
        "filename": "backend/tests/test_phase5_security.py",
        "hashed_secret": "e8b3695b539c06a902f3aae3697ab89ede44e61b",
        "is_verified": false,
        "line_number": 16
      },
      {
        "type": "Hex High Entropy String",
        "filename": "backend/tests/test_phase5_security.py",
        "hashed_secret": "86aa15dd748a96148ad67fbb29cf86716c635dd8",
        "is_verified": false,
        "line_number": 281
      }
    ],
    "backend/tests/test_worker_pool.py": [
      {
        "type": "Basic Auth Credentials",
        "filename": "backend/tests/test_worker_pool.py",
        "hashed_secret": "a94a8fe5ccb19ba61c4c0873d391e987982fbbd3",
        "is_verified": false,
        "line_number": 17
      }
    ],
    "backend/tests/workflow/test_golden_lifecycle.py": [
      {
        "type": "Secret Keyword",
        "filename": "backend/tests/workflow/test_golden_lifecycle.py",
        "hashed_secret": "19a4d55f26cb700d093f88a74673e357130062fb",
        "is_verified": false,
        "line_number": 118
      },
      {
        "type": "Secret Keyword",
        "filename": "backend/tests/workflow/test_golden_lifecycle.py",
        "hashed_secret": "cac1de7c6f4ce9fadc6cf3a15354262638c09d08",
        "is_verified": false,
        "line_number": 220
      },
      {
        "type": "Secret Keyword",
        "filename": "backend/tests/workflow/test_golden_lifecycle.py",
        "hashed_secret": "d5b279eb36b4cb7aeceb5c2da59367b6d6b225ca",
        "is_verified": false,
        "line_number": 283
      },
      {
        "type": "Secret Keyword",
        "filename": "backend/tests/workflow/test_golden_lifecycle.py",
        "hashed_secret": "3edc2796c6fae1f4e1562b80260005ca40935e61",
        "is_verified": false,
        "line_number": 284
      },
      {
        "type": "Secret Keyword",
        "filename": "backend/tests/workflow/test_golden_lifecycle.py",
        "hashed_secret": "e5505d8c4647cc041c3200ed34486b769af9f3dd",
        "is_verified": false,
        "line_number": 320
      },
      {
        "type": "Secret Keyword",
        "filename": "backend/tests/workflow/test_golden_lifecycle.py",
        "hashed_secret": "596096b101baa9ce52810a9eb93f1641fca52ba2",
        "is_verified": false,
        "line_number": 321
      },
      {
        "type": "Secret Keyword",
        "filename": "backend/tests/workflow/test_golden_lifecycle.py",
        "hashed_secret": "9d31f32c401256ac4f73a20f4e19e266c3d12a85",
        "is_verified": false,
        "line_number": 373
      },
      {
        "type": "Secret Keyword",
        "filename": "backend/tests/workflow/test_golden_lifecycle.py",
        "hashed_secret": "7aad7a8874da50d43c36ab87d45e5c97e4e631c1",
        "is_verified": false,
        "line_number": 474
      },
      {
        "type": "Secret Keyword",
        "filename": "backend/tests/workflow/test_golden_lifecycle.py",
        "hashed_secret": "5c680012a1a8594f4f4d09ca815a725af240e301",
        "is_verified": false,
        "line_number": 475
      }
    ],
    "backend/tests/workflow/test_m4_hardening.py": [
      {
        "type": "Secret Keyword",
        "filename": "backend/tests/workflow/test_m4_hardening.py",
        "hashed_secret": "f2b14f68eb995facb3a1c35287b778d5bd785511",
        "is_verified": false,
        "line_number": 297
      },
      {
        "type": "Secret Keyword",
        "filename": "backend/tests/workflow/test_m4_hardening.py",
        "hashed_secret": "9762e53f3b6420f10041406e88c337725670824b",
        "is_verified": false,
        "line_number": 298
      },
      {
        "type": "Secret Keyword",
        "filename": "backend/tests/workflow/test_m4_hardening.py",
        "hashed_secret": "20eb3e7b8267101529797a74d55af3acef614c24",
        "is_verified": false,
        "line_number": 388
      }
    ],
    "backend/tests/workflow/test_workflow_golden_pipeline.py": [
      {
        "type": "Secret Keyword",
        "filename": "backend/tests/workflow/test_workflow_golden_pipeline.py",
        "hashed_secret": "fe1bae27cb7c1fb823f496f286e78f1d2ae87734",
        "is_verified": false,
        "line_number": 36
      }
    ],
    "docker-compose.staging.yml": [
      {
        "type": "Secret Keyword",
        "filename": "docker-compose.staging.yml",
        "hashed_secret": "8fd5ad24df1e1b800d670e563b1b83591980060a",
        "is_verified": false,
        "line_number": 24
      },
      {
        "type": "Basic Auth Credentials",
        "filename": "docker-compose.staging.yml",
        "hashed_secret": "8fd5ad24df1e1b800d670e563b1b83591980060a",
        "is_verified": false,
        "line_number": 44
      }
    ],
    "docker-compose.yml": [
      {
        "type": "Secret Keyword",
        "filename": "docker-compose.yml",
        "hashed_secret": "e8b3695b539c06a902f3aae3697ab89ede44e61b",
        "is_verified": false,
        "line_number": 7
      }
    ],
    "docs/API_WORKFLOW_GUIDE.md": [
      {
        "type": "Secret Keyword",
        "filename": "docs/API_WORKFLOW_GUIDE.md",
        "hashed_secret": "1e3667aaaaa887721550cf5cc8a0c5c5760810ed",
        "is_verified": false,
        "line_number": 535
      }
    ],
    "docs/AUTH_SETUP.md": [
      {
        "type": "Secret Keyword",
        "filename": "docs/AUTH_SETUP.md",
        "hashed_secret": "c303df00cd0a72b21c62900b758b06fc541664ce",
        "is_verified": false,
        "line_number": 36
      }
    ],
    "docs/CI_PREVENTION_GUIDE.md": [
      {
        "type": "Basic Auth Credentials",
        "filename": "docs/CI_PREVENTION_GUIDE.md",
        "hashed_secret": "afc848c316af1a89d49826c5ae9d00ed769415f3",
        "is_verified": false,
        "line_number": 117
      }
    ],
    "docs/DETERMINISM.md": [
      {
        "type": "Hex High Entropy String",
        "filename": "docs/DETERMINISM.md",
        "hashed_secret": "90bd1b48e958257948487b90bee080ba5ed00caa",
        "is_verified": false,
        "line_number": 128
      }
    ],
    "docs/ONCALL_RUNBOOK.md": [
      {
        "type": "Basic Auth Credentials",
        "filename": "docs/ONCALL_RUNBOOK.md",
        "hashed_secret": "e8b3695b539c06a902f3aae3697ab89ede44e61b",
        "is_verified": false,
        "line_number": 264
      }
    ],
    "docs/incidents/CI_FAILURE_ANALYSIS_20251207.md": [
      {
        "type": "Basic Auth Credentials",
        "filename": "docs/incidents/CI_FAILURE_ANALYSIS_20251207.md",
        "hashed_secret": "dabc7962ab09e30cb12f14ded061f04f2500f281",
        "is_verified": false,
        "line_number": 76
      },
      {
        "type": "Basic Auth Credentials",
        "filename": "docs/incidents/CI_FAILURE_ANALYSIS_20251207.md",
        "hashed_secret": "e8b3695b539c06a902f3aae3697ab89ede44e61b",
        "is_verified": false,
        "line_number": 133
      }
    ],
    "docs/memory-pins/PIN-003-phase3-completion.md": [
      {
        "type": "Basic Auth Credentials",
        "filename": "docs/memory-pins/PIN-003-phase3-completion.md",
        "hashed_secret": "e8b3695b539c06a902f3aae3697ab89ede44e61b",
        "is_verified": false,
        "line_number": 319
      }
    ],
    "docs/memory-pins/PIN-028-m6-critical-gaps-fixes.md": [
      {
        "type": "Basic Auth Credentials",
        "filename": "docs/memory-pins/PIN-028-m6-critical-gaps-fixes.md",
        "hashed_secret": "e8b3695b539c06a902f3aae3697ab89ede44e61b",
        "is_verified": false,
        "line_number": 305
      }
    ],
    "docs/memory-pins/PIN-031-m7-memory-integration.md": [
      {
        "type": "Basic Auth Credentials",
        "filename": "docs/memory-pins/PIN-031-m7-memory-integration.md",
        "hashed_secret": "9d4e1e23bd5b727046a9e3b4b7db57bd8d6ee684",
        "is_verified": false,
        "line_number": 327
      },
      {
        "type": "Hex High Entropy String",
        "filename": "docs/memory-pins/PIN-031-m7-memory-integration.md",
        "hashed_secret": "37996276a9016aadfcd7ac5c47395c307892c33b",
        "is_verified": false,
        "line_number": 523
      }
    ],
    "docs/memory-pins/PIN-036-EXTERNAL-SERVICES.md": [
      {
        "type": "Basic Auth Credentials",
        "filename": "docs/memory-pins/PIN-036-EXTERNAL-SERVICES.md",
        "hashed_secret": "dabc7962ab09e30cb12f14ded061f04f2500f281",
        "is_verified": false,
        "line_number": 222
      }
    ],
    "docs/memory-pins/PIN-036-infrastructure-pending.md": [
      {
        "type": "Secret Keyword",
        "filename": "docs/memory-pins/PIN-036-infrastructure-pending.md",
        "hashed_secret": "90403abc8f3d67d63cb3ec678f3c2811fb1fc848",
        "is_verified": false,
        "line_number": 149
      }
    ],
    "docs/memory-pins/PIN-037-grafana-cloud-integration.md": [
      {
        "type": "Base64 High Entropy String",
        "filename": "docs/memory-pins/PIN-037-grafana-cloud-integration.md",
        "hashed_secret": "79353038f136c64ac039a740cd36d6e3c6f9ebd3",
        "is_verified": false,
        "line_number": 70
      },
      {
        "type": "Secret Keyword",
        "filename": "docs/memory-pins/PIN-037-grafana-cloud-integration.md",
        "hashed_secret": "79353038f136c64ac039a740cd36d6e3c6f9ebd3",
        "is_verified": false,
        "line_number": 70
      }
    ],
    "docs/memory-pins/PIN-038-upstash-redis-integration.md": [
      {
        "type": "Basic Auth Credentials",
        "filename": "docs/memory-pins/PIN-038-upstash-redis-integration.md",
        "hashed_secret": "94893626df4fc037bdbed776cbd8d7a1fb9a8710",
        "is_verified": false,
        "line_number": 31
      }
    ],
    "docs/memory-pins/PIN-044-e2e-test-harness-run.md": [
      {
        "type": "Hex High Entropy String",
        "filename": "docs/memory-pins/PIN-044-e2e-test-harness-run.md",
        "hashed_secret": "6af548624fa749834106a6f74fec19114e185f53",
        "is_verified": false,
        "line_number": 88
      },
      {
        "type": "Basic Auth Credentials",
        "filename": "docs/memory-pins/PIN-044-e2e-test-harness-run.md",
        "hashed_secret": "e8b3695b539c06a902f3aae3697ab89ede44e61b",
        "is_verified": false,
        "line_number": 205
      }
    ],
    "docs/memory-pins/PIN-048-m9-failure-catalog-completion.md": [
      {
        "type": "Basic Auth Credentials",
        "filename": "docs/memory-pins/PIN-048-m9-failure-catalog-completion.md",
        "hashed_secret": "e8b3695b539c06a902f3aae3697ab89ede44e61b",
        "is_verified": false,
        "line_number": 220
      }
    ],
    "docs/memory-pins/PIN-055-m11-store-factories-implementation.md": [
      {
        "type": "Basic Auth Credentials",
        "filename": "docs/memory-pins/PIN-055-m11-store-factories-implementation.md",
        "hashed_secret": "1a91d62f7ca67399625a4368a6ab5d4a3baa6073",
        "is_verified": false,
        "line_number": 173
      }
    ],
    "docs/memory-pins/PIN-082-iaec-v2-embedding-composer.md": [
      {
        "type": "Hex High Entropy String",
        "filename": "docs/memory-pins/PIN-082-iaec-v2-embedding-composer.md",
        "hashed_secret": "60fe7a90db7451653f162f4e85c5fb5c95bd7213",
        "is_verified": false,
        "line_number": 90
      },
      {
        "type": "Hex High Entropy String",
        "filename": "docs/memory-pins/PIN-082-iaec-v2-embedding-composer.md",
        "hashed_secret": "8cb3cb975178d5cbfb23c3dbd34dd68da4337cd6",
        "is_verified": false,
        "line_number": 192
      },
      {
        "type": "Hex High Entropy String",
        "filename": "docs/memory-pins/PIN-082-iaec-v2-embedding-composer.md",
        "hashed_secret": "8b8e9d8ec68a393d78f9089ca9d8ea7475dd7bc0",
        "is_verified": false,
        "line_number": 194
      }
    ],
    "docs/memory-pins/PIN-096-m22-killswitch-mvp.md": [
      {
        "type": "Secret Keyword",
        "filename": "docs/memory-pins/PIN-096-m22-killswitch-mvp.md",
        "hashed_secret": "e3b30a28274a08208237d22c263a088c38c7584a",
        "is_verified": false,
        "line_number": 196
      }
    ],
    "docs/runbooks/M10_RECOVERY_OPERATIONS.md": [
      {
        "type": "Basic Auth Credentials",
        "filename": "docs/runbooks/M10_RECOVERY_OPERATIONS.md",
        "hashed_secret": "e8b3695b539c06a902f3aae3697ab89ede44e61b",
        "is_verified": false,
        "line_number": 236
      }
    ],
    "docs/runbooks/RBAC_INCIDENTS.md": [
      {
        "type": "Basic Auth Credentials",
        "filename": "docs/runbooks/RBAC_INCIDENTS.md",
        "hashed_secret": "e8b3695b539c06a902f3aae3697ab89ede44e61b",
        "is_verified": false,
        "line_number": 25
      }
    ],
    "docs/runbooks/SECRETS_ROTATION.md": [
      {
        "type": "Secret Keyword",
        "filename": "docs/runbooks/SECRETS_ROTATION.md",
        "hashed_secret": "a2dd13f1fe2e04447cfd07c60dda1287083e15a3",
        "is_verified": false,
        "line_number": 40
      },
      {
        "type": "Secret Keyword",
        "filename": "docs/runbooks/SECRETS_ROTATION.md",
        "hashed_secret": "52dcc83ec1e54426ad58a64854d1eb8d5f5d9685",
        "is_verified": false,
        "line_number": 81
      },
      {
        "type": "Basic Auth Credentials",
        "filename": "docs/runbooks/SECRETS_ROTATION.md",
        "hashed_secret": "52dcc83ec1e54426ad58a64854d1eb8d5f5d9685",
        "is_verified": false,
        "line_number": 89
      },
      {
        "type": "Basic Auth Credentials",
        "filename": "docs/runbooks/SECRETS_ROTATION.md",
        "hashed_secret": "d033e22ae348aeb5660fc2140aec35850c4da997",
        "is_verified": false,
        "line_number": 124
      },
      {
        "type": "Secret Keyword",
        "filename": "docs/runbooks/SECRETS_ROTATION.md",
        "hashed_secret": "85a1d3f8353d26d3ea050f236d1a247ab5aa66ea",
        "is_verified": false,
        "line_number": 131
      }
    ],
    "docs/runbooks/WEBHOOK_SECRET_ROTATION.md": [
      {
        "type": "Secret Keyword",
        "filename": "docs/runbooks/WEBHOOK_SECRET_ROTATION.md",
        "hashed_secret": "fe232cc32d23e07a8ae9e4f464311587e9cf3174",
        "is_verified": false,
        "line_number": 163
      },
      {
        "type": "Secret Keyword",
        "filename": "docs/runbooks/WEBHOOK_SECRET_ROTATION.md",
        "hashed_secret": "a2199a6f87912ccc90cb28d503aa8c82ba2097e1",
        "is_verified": false,
        "line_number": 164
      }
    ],
    "docs/runbooks/webhook-ops.md": [
      {
        "type": "Secret Keyword",
        "filename": "docs/runbooks/webhook-ops.md",
        "hashed_secret": "38abc48c1eb5838519ab0372fbf38f1eb0f3f73c",
        "is_verified": false,
        "line_number": 59
      },
      {
        "type": "Secret Keyword",
        "filename": "docs/runbooks/webhook-ops.md",
        "hashed_secret": "099696c60e7eb64daa7873b1e933b6a56cc85f34",
        "is_verified": false,
        "line_number": 69
      }
    ],
    "docs/test_reports/TR-001_CLI_DEMO_HAPPY_PATH_2025-12-16.md": [
      {
        "type": "Hex High Entropy String",
        "filename": "docs/test_reports/TR-001_CLI_DEMO_HAPPY_PATH_2025-12-16.md",
        "hashed_secret": "412828fd78a8980e5a61519213870289179cb253",
        "is_verified": false,
        "line_number": 131
      },
      {
        "type": "Hex High Entropy String",
        "filename": "docs/test_reports/TR-001_CLI_DEMO_HAPPY_PATH_2025-12-16.md",
        "hashed_secret": "c64cfaadade494ed22f84747c5833adfbb5dd22f",
        "is_verified": false,
        "line_number": 132
      }
    ],
    "docs/workflow/seed-determinism.md": [
      {
        "type": "Hex High Entropy String",
        "filename": "docs/workflow/seed-determinism.md",
        "hashed_secret": "b16bdf8a72aa9987c15ff174b804f18bbaa06a1d",
        "is_verified": false,
        "line_number": 214
      }
    ],
    "helm/aos/values.yaml": [
      {
        "type": "Secret Keyword",
        "filename": "helm/aos/values.yaml",
        "hashed_secret": "82f6321cd4b6f3d0a02d577b19fa35704f9be848",
        "is_verified": false,
        "line_number": 58
      },
      {
        "type": "Secret Keyword",
        "filename": "helm/aos/values.yaml",
        "hashed_secret": "5baa61e4c9b93f3f0682250b6cf8331b7ee68fd8",
        "is_verified": false,
        "line_number": 59
      },
      {
        "type": "Secret Keyword",
        "filename": "helm/aos/values.yaml",
        "hashed_secret": "5bfc2d21882f5b4656a53aeab094ddc35249aa64",
        "is_verified": false,
        "line_number": 187
      },
      {
        "type": "Secret Keyword",
        "filename": "helm/aos/values.yaml",
        "hashed_secret": "33cdaca84ccf1c6853d53f7cf320401a1ed71896",
        "is_verified": false,
        "line_number": 190
      }
    ],
    "k8s/pgbouncer-deployment.yaml": [
      {
        "type": "Secret Keyword",
        "filename": "k8s/pgbouncer-deployment.yaml",
        "hashed_secret": "e8b3695b539c06a902f3aae3697ab89ede44e61b",
        "is_verified": false,
        "line_number": 84
      },
      {
        "type": "Secret Keyword",
        "filename": "k8s/pgbouncer-deployment.yaml",
        "hashed_secret": "74913f5cd5f61ec0bcfdb775414c2fb3d161b620",
        "is_verified": false,
        "line_number": 85
      },
      {
        "type": "Basic Auth Credentials",
        "filename": "k8s/pgbouncer-deployment.yaml",
        "hashed_secret": "e8b3695b539c06a902f3aae3697ab89ede44e61b",
        "is_verified": false,
        "line_number": 123
      }
    ],
    "memory-pins/PIN-009-EXTERNAL-ROLLOUT-PENDING.md": [
      {
        "type": "Basic Auth Credentials",
        "filename": "memory-pins/PIN-009-EXTERNAL-ROLLOUT-PENDING.md",
        "hashed_secret": "e8b3695b539c06a902f3aae3697ab89ede44e61b",
        "is_verified": false,
        "line_number": 96
      }
    ],
    "monitoring/alertmanager/config.yml": [
      {
        "type": "Secret Keyword",
        "filename": "monitoring/alertmanager/config.yml",
        "hashed_secret": "0c35c0ef5be592133e912cfdb5c4d41ad9b47adc",
        "is_verified": false,
        "line_number": 9
      }
    ],
    "monitoring/prometheus.yml": [
      {
        "type": "Base64 High Entropy String",
        "filename": "monitoring/prometheus.yml",
        "hashed_secret": "79353038f136c64ac039a740cd36d6e3c6f9ebd3",
        "is_verified": false,
        "line_number": 10
      },
      {
        "type": "Secret Keyword",
        "filename": "monitoring/prometheus.yml",
        "hashed_secret": "79353038f136c64ac039a740cd36d6e3c6f9ebd3",
        "is_verified": false,
        "line_number": 10
      }
    ],
    "ops/M7_RUNBOOK.md": [
      {
        "type": "Basic Auth Credentials",
        "filename": "ops/M7_RUNBOOK.md",
        "hashed_secret": "e8b3695b539c06a902f3aae3697ab89ede44e61b",
        "is_verified": false,
        "line_number": 234
      }
    ],
    "ops/seed_memory_pins.py": [
      {
        "type": "Basic Auth Credentials",
        "filename": "ops/seed_memory_pins.py",
        "hashed_secret": "9d4e1e23bd5b727046a9e3b4b7db57bd8d6ee684",
        "is_verified": false,
        "line_number": 27
      }
    ],
    "scripts/deploy/backend/.env.production.example": [
      {
        "type": "Basic Auth Credentials",
        "filename": "scripts/deploy/backend/.env.production.example",
        "hashed_secret": "7205a0abf00d1daec13c63ece029057c974795a9",
        "is_verified": false,
        "line_number": 5
      }
    ],
    "scripts/ops/canary/README.md": [
      {
        "type": "Hex High Entropy String",
        "filename": "scripts/ops/canary/README.md",
        "hashed_secret": "e8326081cf47a5043fb2240215b4fd838b8d6413",
        "is_verified": false,
        "line_number": 121
      }
    ],
    "scripts/ops/canary/reports/latest_report.json": [
      {
        "type": "Hex High Entropy String",
        "filename": "scripts/ops/canary/reports/latest_report.json",
        "hashed_secret": "3dd7e09b0ab53807458078c2c4b91c451efd6137",
        "is_verified": false,
        "line_number": 9
      }
    ],
    "scripts/ops/cli_demo_test.sh": [
      {
        "type": "Hex High Entropy String",
        "filename": "scripts/ops/cli_demo_test.sh",
        "hashed_secret": "86aa15dd748a96148ad67fbb29cf86716c635dd8",
        "is_verified": false,
        "line_number": 7
      },
      {
        "type": "Secret Keyword",
        "filename": "scripts/ops/cli_demo_test.sh",
        "hashed_secret": "86aa15dd748a96148ad67fbb29cf86716c635dd8",
        "is_verified": false,
        "line_number": 7
      }
    ],
    "scripts/ops/cron/aos-maintenance.cron": [
      {
        "type": "Basic Auth Credentials",
        "filename": "scripts/ops/cron/aos-maintenance.cron",
        "hashed_secret": "e8b3695b539c06a902f3aae3697ab89ede44e61b",
        "is_verified": false,
        "line_number": 9
      }
    ],
    "scripts/ops/expire_memory_pins.sh": [
      {
        "type": "Basic Auth Credentials",
        "filename": "scripts/ops/expire_memory_pins.sh",
        "hashed_secret": "e8b3695b539c06a902f3aae3697ab89ede44e61b",
        "is_verified": false,
        "line_number": 27
      }
    ],
    "scripts/ops/rbac_enable.sh": [
      {
        "type": "Basic Auth Credentials",
        "filename": "scripts/ops/rbac_enable.sh",
        "hashed_secret": "e8b3695b539c06a902f3aae3697ab89ede44e61b",
        "is_verified": false,
        "line_number": 32
      }
    ],
    "scripts/ops/rbac_enable_smoke.sh": [
      {
        "type": "Basic Auth Credentials",
        "filename": "scripts/ops/rbac_enable_smoke.sh",
        "hashed_secret": "e8b3695b539c06a902f3aae3697ab89ede44e61b",
        "is_verified": false,
        "line_number": 20
      }
    ],
    "scripts/ops/seed_memory_pins.py": [
      {
        "type": "Basic Auth Credentials",
        "filename": "scripts/ops/seed_memory_pins.py",
        "hashed_secret": "9d4e1e23bd5b727046a9e3b4b7db57bd8d6ee684",
        "is_verified": false,
        "line_number": 13
      }
    ],
    "scripts/run_worker_local.sh": [
      {
        "type": "Basic Auth Credentials",
        "filename": "scripts/run_worker_local.sh",
        "hashed_secret": "e8b3695b539c06a902f3aae3697ab89ede44e61b",
        "is_verified": false,
        "line_number": 5
      }
    ],
    "scripts/smoke/test_rbac_keycloak.sh": [
      {
        "type": "Hex High Entropy String",
        "filename": "scripts/smoke/test_rbac_keycloak.sh",
        "hashed_secret": "65fff22d27431c6adf110aa91e11aef7fb479388",
        "is_verified": false,
        "line_number": 10
      },
      {
        "type": "Secret Keyword",
        "filename": "scripts/smoke/test_rbac_keycloak.sh",
        "hashed_secret": "65fff22d27431c6adf110aa91e11aef7fb479388",
        "is_verified": false,
        "line_number": 10
      }
    ],
    "scripts/stress/run_checkpoint_stress.sh": [
      {
        "type": "Basic Auth Credentials",
        "filename": "scripts/stress/run_checkpoint_stress.sh",
        "hashed_secret": "e8b3695b539c06a902f3aae3697ab89ede44e61b",
        "is_verified": false,
        "line_number": 35
      }
    ],
    "sdk/js/aos-sdk/README.md": [
      {
        "type": "Secret Keyword",
        "filename": "sdk/js/aos-sdk/README.md",
        "hashed_secret": "11fa7c37d697f30e6aee828b4426a10f83ab2380",
        "is_verified": false,
        "line_number": 22
      }
    ],
    "sdk/js/aos-sdk/dist/index.d.mts": [
      {
        "type": "Secret Keyword",
        "filename": "sdk/js/aos-sdk/dist/index.d.mts",
        "hashed_secret": "11fa7c37d697f30e6aee828b4426a10f83ab2380",
        "is_verified": false,
        "line_number": 199
      }
    ],
    "sdk/js/aos-sdk/dist/index.d.ts": [
      {
        "type": "Secret Keyword",
        "filename": "sdk/js/aos-sdk/dist/index.d.ts",
        "hashed_secret": "11fa7c37d697f30e6aee828b4426a10f83ab2380",
        "is_verified": false,
        "line_number": 199
      }
    ],
    "sdk/js/aos-sdk/dist/index.js": [
      {
        "type": "Secret Keyword",
        "filename": "sdk/js/aos-sdk/dist/index.js",
        "hashed_secret": "11fa7c37d697f30e6aee828b4426a10f83ab2380",
        "is_verified": false,
        "line_number": 54
      }
    ],
    "sdk/js/aos-sdk/dist/index.mjs": [
      {
        "type": "Secret Keyword",
        "filename": "sdk/js/aos-sdk/dist/index.mjs",
        "hashed_secret": "11fa7c37d697f30e6aee828b4426a10f83ab2380",
        "is_verified": false,
        "line_number": 25
      }
    ],
    "sdk/js/aos-sdk/src/client.ts": [
      {
        "type": "Secret Keyword",
        "filename": "sdk/js/aos-sdk/src/client.ts",
        "hashed_secret": "11fa7c37d697f30e6aee828b4426a10f83ab2380",
        "is_verified": false,
        "line_number": 53
      }
    ],
    "sdk/js/tests/test_js_sdk.js": [
      {
        "type": "Hex High Entropy String",
        "filename": "sdk/js/tests/test_js_sdk.js",
        "hashed_secret": "86aa15dd748a96148ad67fbb29cf86716c635dd8",
        "is_verified": false,
        "line_number": 4
      }
    ],
    "sdk/python/README.md": [
      {
        "type": "Secret Keyword",
        "filename": "sdk/python/README.md",
        "hashed_secret": "11fa7c37d697f30e6aee828b4426a10f83ab2380",
        "is_verified": false,
        "line_number": 18
      }
    ],
    "sdk/python/aos_sdk.egg-info/PKG-INFO": [
      {
        "type": "Secret Keyword",
        "filename": "sdk/python/aos_sdk.egg-info/PKG-INFO",
        "hashed_secret": "11fa7c37d697f30e6aee828b4426a10f83ab2380",
        "is_verified": false,
        "line_number": 54
      }
    ],
    "tools/webhook_receiver/DEPLOYMENT.md": [
      {
        "type": "Basic Auth Credentials",
        "filename": "tools/webhook_receiver/DEPLOYMENT.md",
        "hashed_secret": "112bb791304791ddcf692e29fd5cf149b35fea37",
        "is_verified": false,
        "line_number": 62
      },
      {
        "type": "Secret Keyword",
        "filename": "tools/webhook_receiver/DEPLOYMENT.md",
        "hashed_secret": "88a6b30dac6bc611569ca11d5b98a964e54b32f8",
        "is_verified": false,
        "line_number": 68
      }
    ],
    "tools/webhook_receiver/Dockerfile": [
      {
        "type": "Basic Auth Credentials",
        "filename": "tools/webhook_receiver/Dockerfile",
        "hashed_secret": "e8b3695b539c06a902f3aae3697ab89ede44e61b",
        "is_verified": false,
        "line_number": 19
      }
    ],
    "tools/webhook_receiver/README.md": [
      {
        "type": "Basic Auth Credentials",
        "filename": "tools/webhook_receiver/README.md",
        "hashed_secret": "e8b3695b539c06a902f3aae3697ab89ede44e61b",
        "is_verified": false,
        "line_number": 29
      }
    ],
    "tools/webhook_receiver/app/main.py": [
      {
        "type": "Basic Auth Credentials",
        "filename": "tools/webhook_receiver/app/main.py",
        "hashed_secret": "9d4e1e23bd5b727046a9e3b4b7db57bd8d6ee684",
        "is_verified": false,
        "line_number": 13
      },
      {
        "type": "Basic Auth Credentials",
        "filename": "tools/webhook_receiver/app/main.py",
        "hashed_secret": "e8b3695b539c06a902f3aae3697ab89ede44e61b",
        "is_verified": false,
        "line_number": 52
      }
    ],
    "tools/webhook_receiver/k8s/base/ingress.yaml": [
      {
        "type": "Secret Keyword",
        "filename": "tools/webhook_receiver/k8s/base/ingress.yaml",
        "hashed_secret": "f028f5a982bacb38690c3cfe7f66eb557b10a2b2",
        "is_verified": false,
        "line_number": 32
      }
    ],
    "tools/webhook_receiver/k8s/base/secret.yaml": [
      {
        "type": "Basic Auth Credentials",
        "filename": "tools/webhook_receiver/k8s/base/secret.yaml",
        "hashed_secret": "8fd5ad24df1e1b800d670e563b1b83591980060a",
        "is_verified": false,
        "line_number": 17
      }
    ],
    "tools/webhook_receiver/k8s/overlay-staging/kustomization.yaml": [
      {
        "type": "Hex High Entropy String",
        "filename": "tools/webhook_receiver/k8s/overlay-staging/kustomization.yaml",
        "hashed_secret": "90bd1b48e958257948487b90bee080ba5ed00caa",
        "is_verified": false,
        "line_number": 28
      },
      {
        "type": "Secret Keyword",
        "filename": "tools/webhook_receiver/k8s/overlay-staging/kustomization.yaml",
        "hashed_secret": "15c2dacb2b4b4225d7f984fa27b875dbd2b324fe",
        "is_verified": false,
        "line_number": 45
      }
    ]
  },
  "generated_at": "2025-12-19T10:38:28Z"
}
